// Jest Snapshot v1, https://goo.gl/fbAQLP

exports[`Login Should render a text input field 1`] = `ShallowWrapper {}`;
