// Jest Snapshot v1, https://goo.gl/fbAQLP

exports[`Welcome to APP Should load app 1`] = `ShallowWrapper {}`;
